// Jest Snapshot v1, https://goo.gl/fbAQLP

exports[`readme-install-string valid 1`] = `
"## Install Via a Package Manager
\`\`\`bash
# npm
$ npm install foo-bar

# Yarn
$ yarn add foo-bar
\`\`\`

Add to Local Components:

\`\`\`js
import FooBar from 'foo-bar'

export default {
  components: {
    FooBar,
  },
}
\`\`\`

Or register as global component:

\`\`\`js
import Vue from 'vue'
import FooBar from 'foo-bar'

Vue.component('FooBar', FooBar)
\`\`\`

Or register as plugin:

\`\`\`js
import Vue from 'vue'
import FooBar from 'foo-bar'

Vue.use(FooBar)
\`\`\`

## Install Via CDN

\`\`\`html
<script src=\\"https://unpkg.com/vue\\"></script>
<script src=\\"https://unpkg.com/mermaid/dist/mermaid.min.js\\"></script>
<script src=\\"https://unpkg.com/foo-bar\\"></script>
\`\`\`"
`;
